// Jest Snapshot v1, https://goo.gl/fbAQLP

exports[`should render ExpenseList with empty messsage 1`] = `
<div>
  <p>
    No expenses
  </p>
</div>
`;

exports[`should render ExpenseList with expenses 1`] = `
<div>
  <ExpenseListItem
    amount={256}
    createdAt={0}
    description="Gum"
    id="1"
    key="1"
    note="Good"
  />
  <ExpenseListItem
    amount={2500}
    createdAt={-345600000}
    description="Rent"
    id="2"
    key="2"
    note="November"
  />
  <ExpenseListItem
    amount={1560}
    createdAt={345600000}
    description="Credit Card"
    id="3"
    key="3"
    note="November"
  />
</div>
`;
